<html>
<body>
<pre>
<h1>µVision Build Log</h1>
<h2>Tool Versions:</h2>
IDE-Version: ¦ÌVision V5.41.0.0
Copyright (C) 2024 ARM Ltd and ARM Germany GmbH. All rights reserved.
License Information: L BME5008, HP Inc., LIC=UJWP0-B5CSU-DY9V3-A2JJ9-MP31D-0YZKB
 
Tool Versions:
Toolchain:       MDK-ARM Plus  Version: 5.41.0.0
Toolchain Path:  C:\Users\BME5008\AppData\Local\Keil_v5\ARM\ARMCC\Bin
C Compiler:      Armcc.exe V5.06 update 7 (build 960)
Assembler:       Armasm.exe V5.06 update 7 (build 960)
Linker/Locator:  ArmLink.exe V5.06 update 7 (build 960)
Library Manager: ArmAr.exe V5.06 update 7 (build 960)
Hex Converter:   FromElf.exe V5.06 update 7 (build 960)
CPU DLL:         SARMCM3.DLL V5.41.0.0
Dialog DLL:      DCM.DLL V1.17.5.0
Target DLL:      CMSIS_AGDI.dll V1.33.21.0
Dialog DLL:      TCM.DLL V1.56.4.0
 
<h2>Project:</h2>
C:\Users\BME5008\Desktop\dds\dds\USER\UART.uvprojx
Project File Date:  01/11/2026

<h2>Output:</h2>
*** Using Compiler 'V5.06 update 7 (build 960)', folder: 'C:\Users\BME5008\AppData\Local\Keil_v5\ARM\ARMCC\Bin'
Rebuild target 'UART'
assembling startup_stm32f407xx.s...
compiling system_stm32f4xx.c...
compiling stm32f4xx_it.c...
compiling main.c...
compiling stm32f4xx_hal_rcc_ex.c...
compiling stm32f4xx_hal_rcc.c...
compiling stm32f4xx_hal_msp.c...
compiling stm32f4xx_hal_cortex.c...
compiling stm32f4xx_hal_pwr_ex.c...
compiling stm32f4xx_hal.c...
compiling stm32f4xx_hal_pwr.c...
compiling stm32f4xx_hal_gpio.c...
compiling led.c...
compiling sys.c...
compiling stm32f4xx_hal_dma.c...
compiling delay.c...
compiling stm32f4xx_hal_usart.c...
compiling stm32f4xx_hal_uart.c...
compiling usart.c...
compiling stm32f4xx_hal_dma_ex.c...
compiling key.c...
compiling stm32f4xx_hal_tim_ex.c...
compiling stm32f4xx_hal_tim.c...
compiling ad9833.c...
..\HARDWARE\AD9833\ad9833.c(137): warning:  #1035-D: single-precision operand implicitly converted to double-precision
  		P1 = (uint16_t)((float)Phase1/360.0*4095.0);
..\HARDWARE\AD9833\ad9833.c(142): warning:  #1035-D: single-precision operand implicitly converted to double-precision
  		P2 = (uint16_t)((float)Phase2/360.0*4095.0);
..\HARDWARE\AD9833\ad9833.c: 2 warnings, 0 errors
compiling ppm.c...
linking...
Program Size: Code=6682 RO-data=450 RW-data=32 ZI-data=2024  
FromELF: creating hex file...
"..\OBJ\Template.axf" - 0 Error(s), 2 Warning(s).

<h2>Software Packages used:</h2>

Package Vendor: Keil
                https://www.keil.com/pack/Keil.STM32F4xx_DFP.3.0.0.pack
                Keil::STM32F4xx_DFP@3.0.0
                STMicroelectronics STM32F4 Series Device Support

<h2>Collection of Component include folders:</h2>

<h2>Collection of Component Files used:</h2>
Build Time Elapsed:  00:00:26
</pre>
</body>
</html>
